#-----------------------------------------------------------
# Vivado v2024.1 (64-bit)
# SW Build 5076996 on Wed May 22 18:37:14 MDT 2024
# IP Build 5075265 on Wed May 22 21:45:21 MDT 2024
# SharedData Build 5076995 on Wed May 22 18:29:18 MDT 2024
# Start of session at: Thu Mar  5 19:16:05 2026
# Process ID: 18784
# Current directory: C:/_GIT/FPGA/HW/7-SERIES/Projects/Vox_Readout_Testing/Vox_Readout_Testing.runs/fifo_generator_0_synth_1
# Command line: vivado.exe -log fifo_generator_0.vds -product Vivado -mode batch -messageDb vivado.pb -notrace -source fifo_generator_0.tcl
# Log file: C:/_GIT/FPGA/HW/7-SERIES/Projects/Vox_Readout_Testing/Vox_Readout_Testing.runs/fifo_generator_0_synth_1/fifo_generator_0.vds
# Journal file: C:/_GIT/FPGA/HW/7-SERIES/Projects/Vox_Readout_Testing/Vox_Readout_Testing.runs/fifo_generator_0_synth_1\vivado.jou
# Running On        :LAPTOP-GK6ER3TV
# Platform          :Windows Server 2016 or Windows 10
# Operating System  :26200
# Processor Detail  :Intel(R) Core(TM) Ultra 9 185H
# CPU Frequency     :3072 MHz
# CPU Physical cores:16
# CPU Logical cores :22
# Host memory       :33736 MB
# Swap memory       :23622 MB
# Total Virtual     :57358 MB
# Available Virtual :39533 MB
#-----------------------------------------------------------
source fifo_generator_0.tcl -notrace
