* ******************************************************************************

* iCEcube Report

* Version:            2020.12.27943

* Build Date:         Dec  9 2020 17:31:51

* File Generated:     Feb 25 2026 10:23:15

* Purpose:            General info of design implementation

* Copyright (C) 2006-2010 by Lattice Semiconductor Corp. All rights reserved.

* ******************************************************************************

Synthesis/Placement Summary:
----------------------------
    Status:  Successful
    Runtime: 0 seconds

Device Info:
------------
    Device Family: iCE40
    Device:        iCE40UL1K
    Package:       CM36A

Design statistics:
------------------
    FFs:                  51
    LUTs:                 103
    RAMs:                 0
    IOBs:                 6
    GBs:                  3
    PLLs:                 1
    Warm Boots:           0
    I2C_FIFOs:            0
    HFOSCs:               0
    LFOSCs:               0
    RGBA_DRVs:            1
    IR400_DRVs:           0
    IR500_DRVs:           0
    BARCODE_DRVs:         0
    LEDDA_IPs:            0
    IR_IPs:               0

Logic Resource Utilization:
---------------------------
    Total Logic Cells: 104/1248
        Combinational Logic Cells: 53       out of   1248      4.24679%
        Sequential Logic Cells:    51       out of   1248      4.08654%
        Logic Tiles:               24       out of   156       15.3846%
    Registers: 
        Logic Registers:           51       out of   1248      4.08654%
        IO Registers:              0        out of   240       0
    Block RAMs:                    0        out of   14        0%
    Warm Boots:                    0        out of   1         0%
    I2C_FIFOs:                     0        out of   2         0%
    HFOSCs:                        0        out of   1         0%
    LFOSCs:                        0        out of   1         0%
    RGBA_DRVs:                     1        out of   1         100%
    IR400_DRVs:                    0        out of   1         0%
    IR500_DRVs:                    0        out of   1         0%
    BARCODE_DRVs:                  0        out of   1         0%
    LEDDA_IPs:                     0        out of   1         0%
    IR_IPs:                        0        out of   1         0%
    Pins:
        Input Pins:                2        out of   26        7.69231%
        Output Pins:               3        out of   26        11.5385%
        InOut Pins:                1        out of   26        3.84615%
    Global Buffers:                3        out of   8         37.5%
    PLLs:                          1        out of   1         100%

IO Bank Utilization:
--------------------
    Bank 3: 0        out of   0         0%
    Bank 1: 0        out of   0         0%
    Bank 0: 3        out of   12        25%
    Bank 2: 3        out of   14        21.4286%

Detailed I/O Info:
------------------
    Input Pins: 
    Pin Number  Direction  IO Standard  Pull Up  IO Bank  IO Function                                Signal Name    
    ----------  ---------  -----------  -------  -------  -----------                                -----------    
    A3          Input      SB_LVCMOS    No       0        Simple Input                               bno_interrupt  
    F2          Input      SB_LVCMOS    No       2        Simple Input                               clk_12mhz      

    Output Pins: 
    Pin Number  Direction  IO Standard  Pull Up  IO Bank  IO Function                                Signal Name    
    ----------  ---------  -----------  -------  -------  -----------                                -----------    
    B6          Output     SB_LVCMOS    No       0        Output Tristatable by Enable               bno_rstn       
    D6          Output     SB_LVCMOS    No       2        Output Tristatable by Enable               i2c_sda        
    E2          Output     SB_LVCMOS    No       2        Simple Output                              vox_clk_p      

    Inoutput Pins: 
    Pin Number  Direction  IO Standard  Pull Up  IO Bank  IO Function                                Signal Name    
    ----------  ---------  -----------  -------  -------  -----------                                -----------    
    C6          InOut      SB_LVCMOS    No       0        Simple Input Output Tristatable by Enable  i2c_scl        

Detailed Global Buffer Info:
----------------------------
    Buffer Number  IO Bank  Driven By  Fanout  Signal Name     
    -------------  -------  ---------  ------  -----------     
    4              0                   51      locked_i_g      
    5              2                   1       clk_12mhz_bufg  
    3              0                   51      sys_clk         
