* ******************************************************************************

* iCEcube Report

* Version:            2020.12.27943

* Build Date:         Dec  9 2020 17:31:51

* File Generated:     Feb 28 2026 22:38:27

* Purpose:            General info of design implementation

* Copyright (C) 2006-2010 by Lattice Semiconductor Corp. All rights reserved.

* ******************************************************************************

Synthesis/Placement Summary:
----------------------------
    Status:  Successful
    Runtime: 0 seconds

Device Info:
------------
    Device Family: iCE40
    Device:        iCE40UL1K
    Package:       CM36A

Design statistics:
------------------
    FFs:                  165
    LUTs:                 254
    RAMs:                 0
    IOBs:                 6
    GBs:                  5
    PLLs:                 1
    Warm Boots:           0
    I2C_FIFOs:            0
    HFOSCs:               0
    LFOSCs:               0
    RGBA_DRVs:            1
    IR400_DRVs:           0
    IR500_DRVs:           0
    BARCODE_DRVs:         0
    LEDDA_IPs:            0
    IR_IPs:               0

Logic Resource Utilization:
---------------------------
    Total Logic Cells: 272/1248
        Combinational Logic Cells: 107      out of   1248      8.57372%
        Sequential Logic Cells:    165      out of   1248      13.2212%
        Logic Tiles:               61       out of   156       39.1026%
    Registers: 
        Logic Registers:           165      out of   1248      13.2212%
        IO Registers:              0        out of   240       0
    Block RAMs:                    0        out of   14        0%
    Warm Boots:                    0        out of   1         0%
    I2C_FIFOs:                     0        out of   2         0%
    HFOSCs:                        0        out of   1         0%
    LFOSCs:                        0        out of   1         0%
    RGBA_DRVs:                     1        out of   1         100%
    IR400_DRVs:                    0        out of   1         0%
    IR500_DRVs:                    0        out of   1         0%
    BARCODE_DRVs:                  0        out of   1         0%
    LEDDA_IPs:                     0        out of   1         0%
    IR_IPs:                        0        out of   1         0%
    Pins:
        Input Pins:                2        out of   26        7.69231%
        Output Pins:               2        out of   26        7.69231%
        InOut Pins:                2        out of   26        7.69231%
    Global Buffers:                5        out of   8         62.5%
    PLLs:                          1        out of   1         100%

IO Bank Utilization:
--------------------
    Bank 3: 0        out of   0         0%
    Bank 1: 0        out of   0         0%
    Bank 0: 3        out of   12        25%
    Bank 2: 3        out of   14        21.4286%

Detailed I/O Info:
------------------
    Input Pins: 
    Pin Number  Direction  IO Standard  Pull Up  IO Bank  IO Function                                Signal Name    
    ----------  ---------  -----------  -------  -------  -----------                                -----------    
    A3          Input      SB_LVCMOS    No       0        Simple Input                               bno_interrupt  
    F2          Input      SB_LVCMOS    No       2        Simple Input                               clk_12mhz      

    Output Pins: 
    Pin Number  Direction  IO Standard  Pull Up  IO Bank  IO Function                                Signal Name    
    ----------  ---------  -----------  -------  -------  -----------                                -----------    
    B6          Output     SB_LVCMOS    No       0        Output Tristatable by Enable               bno_rstn       
    E2          Output     SB_LVCMOS    No       2        Simple Output                              vox_clk_p      

    Inoutput Pins: 
    Pin Number  Direction  IO Standard  Pull Up  IO Bank  IO Function                                Signal Name    
    ----------  ---------  -----------  -------  -------  -----------                                -----------    
    C6          InOut      SB_LVCMOS    No       0        Simple Input Output Tristatable by Enable  i2c_scl        
    D6          InOut      SB_LVCMOS    No       2        Simple Input Output Tristatable by Enable  i2c_sda        

Detailed Global Buffer Info:
----------------------------
    Buffer Number  IO Bank  Driven By  Fanout  Signal Name                                                
    -------------  -------  ---------  ------  -----------                                                
    4              0                   165     locked_i_g                                                 
    1              0                   165     sys_clk                                                    
    3              0                   34      VoxLink_BNO_Driver_Inst.subscription_shift_reg_0_sqmuxa_g  
    6              2                   1       clk_12mhz_bufg                                             
    5              2                   23      VoxLink_BNO_Driver_Inst.target_length_0_sqmuxa_g           
