Copyright 1986-2022 Xilinx, Inc. All Rights Reserved. Copyright 2022-2024 Advanced Micro Devices, Inc. All Rights Reserved.
---------------------------------------------------------------------------------------------------------------------------------------------
| Tool Version : Vivado v.2024.1 (win64) Build 5076996 Wed May 22 18:37:14 MDT 2024
| Date         : Tue May  5 17:50:05 2026
| Host         : LAPTOP-GK6ER3TV running 64-bit major release  (build 9200)
| Command      : report_control_sets -verbose -file Top_control_sets_placed.rpt
| Design       : Top
| Device       : xc7a35t
---------------------------------------------------------------------------------------------------------------------------------------------

Control Set Information

Table of Contents
-----------------
1. Summary
2. Histogram
3. Flip-Flop Distribution
4. Detailed Control Set Information

1. Summary
----------

+----------------------------------------------------------+-------+
|                          Status                          | Count |
+----------------------------------------------------------+-------+
| Total control sets                                       |    22 |
|    Minimum number of control sets                        |    22 |
|    Addition due to synthesis replication                 |     0 |
|    Addition due to physical synthesis replication        |     0 |
| Unused register locations in slices containing registers |    44 |
+----------------------------------------------------------+-------+
* Control sets can be merged at opt_design using control_set_merge or merge_equivalent_drivers
** Run report_qor_suggestions for automated merging and remapping suggestions


2. Histogram
------------

+--------------------+-------+
|       Fanout       | Count |
+--------------------+-------+
| Total control sets |    22 |
| >= 0 to < 4        |     1 |
| >= 4 to < 6        |     1 |
| >= 6 to < 8        |     4 |
| >= 8 to < 10       |     3 |
| >= 10 to < 12      |     1 |
| >= 12 to < 14      |     0 |
| >= 14 to < 16      |     0 |
| >= 16              |    12 |
+--------------------+-------+
* Control sets can be remapped at either synth_design or opt_design


3. Flip-Flop Distribution
-------------------------

+--------------+-----------------------+------------------------+-----------------+--------------+
| Clock Enable | Synchronous Set/Reset | Asynchronous Set/Reset | Total Registers | Total Slices |
+--------------+-----------------------+------------------------+-----------------+--------------+
| No           | No                    | No                     |              31 |           11 |
| No           | No                    | Yes                    |             169 |           57 |
| No           | Yes                   | No                     |             111 |           46 |
| Yes          | No                    | No                     |               0 |            0 |
| Yes          | No                    | Yes                    |              27 |           11 |
| Yes          | Yes                   | No                     |             714 |          141 |
+--------------+-----------------------+------------------------+-----------------+--------------+


4. Detailed Control Set Information
-----------------------------------

+--------------+--------------------------------------------------------------------------------------------------------------------------+--------------------------------------------------+------------------+----------------+--------------+
| Clock Signal |                                                       Enable Signal                                                      |                 Set/Reset Signal                 | Slice Load Count | Bel Load Count | Bels / Slice |
+--------------+--------------------------------------------------------------------------------------------------------------------------+--------------------------------------------------+------------------+----------------+--------------+
|  sys_clk     |                                                                                                                          | MV_UART_Inst/uart_txd_i_1_n_0                    |                1 |              1 |         1.00 |
|  sys_clk     | P2_L1_i_1_n_0                                                                                                            | VoxLink_CRC16_Koopman_inst/sys_rst               |                2 |              4 |         2.00 |
|  sys_clk     | VoxLink_TXD_Driver_inst/tx_bit_cnt[6]_i_1_n_0                                                                            | VoxLink_CRC16_Koopman_inst/sys_rst               |                3 |              7 |         2.33 |
|  sys_clk     | node_select_r                                                                                                            | VoxLink_CRC16_Koopman_inst/sys_rst               |                3 |              7 |         2.33 |
|  sys_clk     | MV_UART_Inst/rx_bit_counter[7]_i_1_n_0                                                                                   | VoxLink_CRC16_Koopman_inst/sys_rst               |                3 |              7 |         2.33 |
|  sys_clk     | MV_UART_Inst/tx_bit_counter[7]_i_1_n_0                                                                                   | VoxLink_CRC16_Koopman_inst/sys_rst               |                2 |              7 |         3.50 |
|  sys_clk     | MV_UART_Inst/received_message_r0                                                                                         | MV_UART_Inst/received_message_r[7]_i_1_n_0       |                1 |              8 |         8.00 |
|  sys_clk     | MV_UART_Inst/received_good_reg_n_0                                                                                       | VoxLink_CRC16_Koopman_inst/sys_rst               |                1 |              8 |         8.00 |
|  sys_clk     | MV_UART_Inst/transmit_message_r[9]_i_1_n_0                                                                               | VoxLink_CRC16_Koopman_inst/sys_rst               |                4 |              9 |         2.25 |
|  sys_clk     | init_data_r0                                                                                                             | VoxLink_CRC16_Koopman_inst/sys_rst               |                3 |             10 |         3.33 |
|  sys_clk     | VoxLink_TXD_Driver_inst/tx_shift_r[111]_i_1_n_0                                                                          | VoxLink_CRC16_Koopman_inst/sys_rst               |                6 |             16 |         2.67 |
|  sys_clk     |                                                                                                                          | readout_timer_r[0]_i_1_n_0                       |                7 |             21 |         3.00 |
|  sys_clk     | MV_UART_FIFO_Interface_inst/UART_FIFO/U0/inst_fifo_gen/gconvfifo.rf/grf.rf/gntv_or_sync_fifo.gl0.wr/gwss.wsts/wr_en_0[0] | VoxLink_CRC16_Koopman_inst/sys_rst               |                6 |             22 |         3.67 |
|  sys_clk     | MV_UART_FIFO_Interface_inst/UART_FIFO/U0/inst_fifo_gen/gconvfifo.rf/grf.rf/gntv_or_sync_fifo.gl0.rd/grss.rsts/E[0]       | VoxLink_CRC16_Koopman_inst/sys_rst               |                7 |             22 |         3.14 |
|  sys_clk     | VoxLink_CRC16_Koopman_inst/p_0_in_0                                                                                      | VoxLink_CRC16_Koopman_inst/crc_value[15]_i_1_n_0 |                7 |             24 |         3.43 |
|  sys_clk     |                                                                                                                          |                                                  |               11 |             31 |         2.82 |
|  sys_clk     | mailbox                                                                                                                  | VoxLink_CRC16_Koopman_inst/sys_rst               |                4 |             32 |         8.00 |
|  sys_clk     | MV_UART_Inst/uart_rxd_received                                                                                           | VoxLink_CRC16_Koopman_inst/sys_rst               |                6 |             40 |         6.67 |
|  sys_clk     | VoxLink_CRC16_Koopman_inst/p_1_in[111]                                                                                   | VoxLink_CRC16_Koopman_inst/sys_rst               |               17 |            111 |         6.53 |
|  sys_clk     | VoxLink_CRC16_Koopman_inst/E[0]                                                                                          | VoxLink_CRC16_Koopman_inst/sys_rst               |               21 |            112 |         5.33 |
|  sys_clk     |                                                                                                                          | VoxLink_CRC16_Koopman_inst/sys_rst               |               95 |            258 |         2.72 |
|  sys_clk     | Vox_Receiver_Inst/vox_clk_rising_edge                                                                                    | VoxLink_CRC16_Koopman_inst/sys_rst               |               56 |            295 |         5.27 |
+--------------+--------------------------------------------------------------------------------------------------------------------------+--------------------------------------------------+------------------+----------------+--------------+


