#-----------------------------------------------------------
# Vivado v2024.1 (64-bit)
# SW Build 5076996 on Wed May 22 18:37:14 MDT 2024
# IP Build 5075265 on Wed May 22 21:45:21 MDT 2024
# SharedData Build 5076995 on Wed May 22 18:29:18 MDT 2024
# Start of session at: Tue May  5 19:20:44 2026
# Process ID: 2988
# Current directory: C:/BachelorProject/VoxLink/Firmware/Vivado/Projects/VoxLink_Controller/VoxLink_Controller.runs/impl_1
# Command line: vivado.exe -log Top.vdi -applog -product Vivado -messageDb vivado.pb -mode batch -source Top.tcl -notrace
# Log file: C:/BachelorProject/VoxLink/Firmware/Vivado/Projects/VoxLink_Controller/VoxLink_Controller.runs/impl_1/Top.vdi
# Journal file: C:/BachelorProject/VoxLink/Firmware/Vivado/Projects/VoxLink_Controller/VoxLink_Controller.runs/impl_1\vivado.jou
# Running On        :LAPTOP-GK6ER3TV
# Platform          :Windows Server 2016 or Windows 10
# Operating System  :26200
# Processor Detail  :Intel(R) Core(TM) Ultra 9 185H
# CPU Frequency     :3072 MHz
# CPU Physical cores:16
# CPU Logical cores :22
# Host memory       :33736 MB
# Swap memory       :3489 MB
# Total Virtual     :37225 MB
# Available Virtual :14052 MB
#-----------------------------------------------------------
source Top.tcl -notrace
