* ******************************************************************************

* iCEcube Report

* Version:            2020.12.27943

* Build Date:         Dec  9 2020 17:31:51

* File Generated:     May 12 2026 18:11:39

* Purpose:            General info of design implementation

* Copyright (C) 2006-2010 by Lattice Semiconductor Corp. All rights reserved.

* ******************************************************************************

Synthesis/Placement Summary:
----------------------------
    Status:  Successful
    Runtime: 0 seconds

Device Info:
------------
    Device Family: iCE40
    Device:        iCE40UL1K
    Package:       CM36A

Design statistics:
------------------
    FFs:                  30
    LUTs:                 35
    RAMs:                 0
    IOBs:                 5
    GBs:                  3
    PLLs:                 1
    Warm Boots:           0
    I2C_FIFOs:            0
    HFOSCs:               0
    LFOSCs:               0
    RGBA_DRVs:            1
    IR400_DRVs:           0
    IR500_DRVs:           0
    BARCODE_DRVs:         0
    LEDDA_IPs:            0
    IR_IPs:               0

Logic Resource Utilization:
---------------------------
    Total Logic Cells: 36/1248
        Combinational Logic Cells: 6        out of   1248      0.480769%
        Sequential Logic Cells:    30       out of   1248      2.40385%
        Logic Tiles:               10       out of   156       6.41026%
    Registers: 
        Logic Registers:           30       out of   1248      2.40385%
        IO Registers:              0        out of   240       0
    Block RAMs:                    0        out of   14        0%
    Warm Boots:                    0        out of   1         0%
    I2C_FIFOs:                     0        out of   2         0%
    HFOSCs:                        0        out of   1         0%
    LFOSCs:                        0        out of   1         0%
    RGBA_DRVs:                     1        out of   1         100%
    IR400_DRVs:                    0        out of   1         0%
    IR500_DRVs:                    0        out of   1         0%
    BARCODE_DRVs:                  0        out of   1         0%
    LEDDA_IPs:                     0        out of   1         0%
    IR_IPs:                        0        out of   1         0%
    Pins:
        Input Pins:                1        out of   26        3.84615%
        Output Pins:               4        out of   26        15.3846%
        InOut Pins:                0        out of   26        0%
    Global Buffers:                3        out of   8         37.5%
    PLLs:                          1        out of   1         100%

IO Bank Utilization:
--------------------
    Bank 3: 0        out of   0         0%
    Bank 1: 0        out of   0         0%
    Bank 0: 1        out of   12        8.33333%
    Bank 2: 4        out of   14        28.5714%

Detailed I/O Info:
------------------
    Input Pins: 
    Pin Number  Direction  IO Standard  Pull Up  IO Bank  IO Function    Signal Name    
    ----------  ---------  -----------  -------  -------  -----------    -----------    
    D2          Input      SB_LVCMOS    No       2        Simple Input   clk_12mhz      

    Output Pins: 
    Pin Number  Direction  IO Standard  Pull Up  IO Bank  IO Function    Signal Name    
    ----------  ---------  -----------  -------  -------  -----------    -----------    
    C6          Output     SB_LVCMOS    No       0        Simple Output  vox_out_clk_p  
    D6          Output     SB_LVCMOS    No       2        Simple Output  vox_out_clk_n  
    F2          Output     SB_LVCMOS    No       2        Simple Output  vox_out_rxd_n  
    F3          Output     SB_LVCMOS    No       2        Simple Output  vox_out_rxd_p  

Detailed Global Buffer Info:
----------------------------
    Buffer Number  IO Bank  Driven By  Fanout  Signal Name     
    -------------  -------  ---------  ------  -----------     
    5              2                   1       clk_12mhz_bufg  
    4              0                   30      locked_i_g      
    3              0                   30      sys_clk         
