* ******************************************************************************

* iCEcube Report

* Version:            2020.12.27943

* Build Date:         Dec  9 2020 17:31:51

* File Generated:     Mar 2 2026 16:53:08

* Purpose:            General info of design implementation

* Copyright (C) 2006-2010 by Lattice Semiconductor Corp. All rights reserved.

* ******************************************************************************

Synthesis/Placement Summary:
----------------------------
    Status:  Successful
    Runtime: 1 seconds

Device Info:
------------
    Device Family: iCE40
    Device:        iCE40UL1K
    Package:       CM36A

Design statistics:
------------------
    FFs:                  362
    LUTs:                 471
    RAMs:                 0
    IOBs:                 7
    GBs:                  6
    PLLs:                 1
    Warm Boots:           0
    I2C_FIFOs:            0
    HFOSCs:               0
    LFOSCs:               0
    RGBA_DRVs:            1
    IR400_DRVs:           0
    IR500_DRVs:           0
    BARCODE_DRVs:         0
    LEDDA_IPs:            0
    IR_IPs:               0

Logic Resource Utilization:
---------------------------
    Total Logic Cells: 491/1248
        Combinational Logic Cells: 129      out of   1248      10.3365%
        Sequential Logic Cells:    362      out of   1248      29.0064%
        Logic Tiles:               93       out of   156       59.6154%
    Registers: 
        Logic Registers:           362      out of   1248      29.0064%
        IO Registers:              0        out of   240       0
    Block RAMs:                    0        out of   14        0%
    Warm Boots:                    0        out of   1         0%
    I2C_FIFOs:                     0        out of   2         0%
    HFOSCs:                        0        out of   1         0%
    LFOSCs:                        0        out of   1         0%
    RGBA_DRVs:                     1        out of   1         100%
    IR400_DRVs:                    0        out of   1         0%
    IR500_DRVs:                    0        out of   1         0%
    BARCODE_DRVs:                  0        out of   1         0%
    LEDDA_IPs:                     0        out of   1         0%
    IR_IPs:                        0        out of   1         0%
    Pins:
        Input Pins:                2        out of   26        7.69231%
        Output Pins:               3        out of   26        11.5385%
        InOut Pins:                2        out of   26        7.69231%
    Global Buffers:                6        out of   8         75%
    PLLs:                          1        out of   1         100%

IO Bank Utilization:
--------------------
    Bank 3: 0        out of   0         0%
    Bank 1: 0        out of   0         0%
    Bank 0: 3        out of   12        25%
    Bank 2: 4        out of   14        28.5714%

Detailed I/O Info:
------------------
    Input Pins: 
    Pin Number  Direction  IO Standard  Pull Up  IO Bank  IO Function                                Signal Name    
    ----------  ---------  -----------  -------  -------  -----------                                -----------    
    A3          Input      SB_LVCMOS    No       0        Simple Input                               bno_interrupt  
    F2          Input      SB_LVCMOS    No       2        Simple Input                               clk_12mhz      

    Output Pins: 
    Pin Number  Direction  IO Standard  Pull Up  IO Bank  IO Function                                Signal Name    
    ----------  ---------  -----------  -------  -------  -----------                                -----------    
    B6          Output     SB_LVCMOS    No       0        Output Tristatable by Enable               bno_rstn       
    E2          Output     SB_LVCMOS    No       2        Simple Output                              vox_clk_p      
    F3          Output     SB_LVCMOS    No       2        Simple Output                              vox_clk_n      

    Inoutput Pins: 
    Pin Number  Direction  IO Standard  Pull Up  IO Bank  IO Function                                Signal Name    
    ----------  ---------  -----------  -------  -------  -----------                                -----------    
    C6          InOut      SB_LVCMOS    No       0        Simple Input Output Tristatable by Enable  i2c_scl        
    D6          InOut      SB_LVCMOS    No       2        Simple Input Output Tristatable by Enable  i2c_sda        

Detailed Global Buffer Info:
----------------------------
    Buffer Number  IO Bank  Driven By  Fanout  Signal Name                                                
    -------------  -------  ---------  ------  -----------                                                
    2              0                   362     sys_clk                                                    
    1              0                   71      II_6.bits_remaininge_0_i_g                                 
    6              2                   1       clk_12mhz_bufg                                             
    5              2                   39      VoxLink_BNO_Driver_Inst.subscription_shift_reg_0_sqmuxa_g  
    4              0                   335     locked_i_g                                                 
    3              0                   83      VoxLink_BNO_Driver_Inst.target_length_0_sqmuxa_0_g         


Router Summary:
---------------
    Status:  Successful
    Runtime: 4 seconds

Routing Resource Utilization:
-----------------------------
              Local line of tile     3056 out of  28951      10.5558%
                          Span 4      495 out of   6784      7.29658%
                         Span 12       54 out of   1456      3.70879%
                  Global network        6 out of      8      75%
      Vertical Inter-LUT Connect       32 out of   1092      2.9304%

