* ******************************************************************************

* iCEcube Report

* Version:            2020.12.27943

* Build Date:         Dec  9 2020 17:31:51

* File Generated:     May 1 2026 18:31:04

* Purpose:            General info of design implementation

* Copyright (C) 2006-2010 by Lattice Semiconductor Corp. All rights reserved.

* ******************************************************************************

Synthesis/Placement Summary:
----------------------------
    Status:  Successful
    Runtime: 0 seconds

Device Info:
------------
    Device Family: iCE40
    Device:        iCE40UL1K
    Package:       CM36A

Design statistics:
------------------
    FFs:                  122
    LUTs:                 179
    RAMs:                 0
    IOBs:                 5
    GBs:                  4
    PLLs:                 1
    Warm Boots:           0
    I2C_FIFOs:            0
    HFOSCs:               0
    LFOSCs:               0
    RGBA_DRVs:            1
    IR400_DRVs:           0
    IR500_DRVs:           0
    BARCODE_DRVs:         0
    LEDDA_IPs:            0
    IR_IPs:               0

Logic Resource Utilization:
---------------------------
    Total Logic Cells: 182/1248
        Combinational Logic Cells: 60       out of   1248      4.80769%
        Sequential Logic Cells:    122      out of   1248      9.77564%
        Logic Tiles:               37       out of   156       23.7179%
    Registers: 
        Logic Registers:           122      out of   1248      9.77564%
        IO Registers:              0        out of   240       0
    Block RAMs:                    0        out of   14        0%
    Warm Boots:                    0        out of   1         0%
    I2C_FIFOs:                     0        out of   2         0%
    HFOSCs:                        0        out of   1         0%
    LFOSCs:                        0        out of   1         0%
    RGBA_DRVs:                     1        out of   1         100%
    IR400_DRVs:                    0        out of   1         0%
    IR500_DRVs:                    0        out of   1         0%
    BARCODE_DRVs:                  0        out of   1         0%
    LEDDA_IPs:                     0        out of   1         0%
    IR_IPs:                        0        out of   1         0%
    Pins:
        Input Pins:                3        out of   26        11.5385%
        Output Pins:               2        out of   26        7.69231%
        InOut Pins:                0        out of   26        0%
    Global Buffers:                4        out of   8         50%
    PLLs:                          1        out of   1         100%

IO Bank Utilization:
--------------------
    Bank 3: 0        out of   0         0%
    Bank 1: 0        out of   0         0%
    Bank 0: 2        out of   12        16.6667%
    Bank 2: 3        out of   14        21.4286%

Detailed I/O Info:
------------------
    Input Pins: 
    Pin Number  Direction  IO Standard  Pull Up  IO Bank  IO Function    Signal Name    
    ----------  ---------  -----------  -------  -------  -----------    -----------    
    A4          Input      SB_LVCMOS    No       0        Simple Input   vox_in_rxd_p   
    B6          Input      SB_LVCMOS    No       0        Simple Input   vox_in_clk_p   
    D2          Input      SB_LVCMOS    No       2        Simple Input   clk_12mhz      

    Output Pins: 
    Pin Number  Direction  IO Standard  Pull Up  IO Bank  IO Function    Signal Name    
    ----------  ---------  -----------  -------  -------  -----------    -----------    
    F2          Output     SB_LVCMOS    No       2        Simple Output  vox_out_rxd_n  
    F3          Output     SB_LVCMOS    No       2        Simple Output  vox_out_rxd_p  

Detailed Global Buffer Info:
----------------------------
    Buffer Number  IO Bank  Driven By  Fanout  Signal Name     
    -------------  -------  ---------  ------  -----------     
    6              2                   122     sys_clk         
    4              0                   91      locked_i_g      
    3              0                   1       clk_12mhz_bufg  
    5              2                   28      locked_g        


Router Summary:
---------------
    Status:  Successful
    Runtime: 1 seconds

Routing Resource Utilization:
-----------------------------
              Local line of tile     1242 out of  28951      4.29001%
                          Span 4      106 out of   6784      1.5625%
                         Span 12       16 out of   1456      1.0989%
                  Global network        4 out of      8      50%
      Vertical Inter-LUT Connect       20 out of   1092      1.8315%

